/usr/local/lib/python3.12/dist-packages/torch/cuda/__init__.py:63: FutureWarning: The pynvml package is deprecated. Please install nvidia-ml-py instead. If you did not install pynvml directly, please report this to the maintainers of the package that installed pynvml for you.
  import pynvml  # type: ignore[import]
WARNING:sglang.srt.layers.moe.utils:MOE_RUNNER_BACKEND is not initialized, using triton backend
WARNING:sglang.srt.layers.moe.fused_moe_triton.fused_moe_triton_config:Config file not found at /sgl-workspace/sglang/python/sglang/srt/layers/moe/fused_moe_triton/configs/triton_3_4_0/E=256,N=256,device_name=NVIDIA_H200,dtype=fp8_w8a8,block_shape=[128, 128].json. Fallback to triton version 3.1.0 and use MoE kernel config from /sgl-workspace/sglang/python/sglang/srt/layers/moe/fused_moe_triton/configs/triton_3_1_0/E=256,N=256,device_name=NVIDIA_H200,dtype=fp8_w8a8,block_shape=[128, 128].json. Performance might be sub-optimal!
Running benchmarks with TP size: 8
Testing batch sizes: [512, 1024, 2048, 4096]
Model Config: {'num_experts': 256, 'topk': 8, 'hidden_size': 7168, 'shard_intermediate_size': 512, 'dtype': torch.bfloat16, 'block_shape': [128, 128]}

--- Batch Size: 512 ---
Config: E=256, topk=8, H=7168, I_shard=512, dtype=torch.bfloat16, block_shape=[128, 128]
Warming up...
Benchmarking Cutlass fused_experts...
Benchmarking Triton fused_experts...
Cutlass fused_experts time: 0.374 ms (median) [0.374 - 0.375]
Triton  fused_experts time: 0.382 ms (median) [0.382 - 0.382]

--- Batch Size: 1024 ---
Config: E=256, topk=8, H=7168, I_shard=512, dtype=torch.bfloat16, block_shape=[128, 128]
Warming up...
Benchmarking Cutlass fused_experts...
Benchmarking Triton fused_experts...
Cutlass fused_experts time: 0.486 ms (median) [0.486 - 0.486]
Triton  fused_experts time: 0.511 ms (median) [0.510 - 0.511]

--- Batch Size: 2048 ---
Config: E=256, topk=8, H=7168, I_shard=512, dtype=torch.bfloat16, block_shape=[128, 128]
Warming up...
Benchmarking Cutlass fused_experts...
Benchmarking Triton fused_experts...
Cutlass fused_experts time: 0.730 ms (median) [0.730 - 0.731]
Triton  fused_experts time: 0.793 ms (median) [0.788 - 0.796]

--- Batch Size: 4096 ---
Config: E=256, topk=8, H=7168, I_shard=512, dtype=torch.bfloat16, block_shape=[128, 128]
Warming up...
Benchmarking Cutlass fused_experts...
Benchmarking Triton fused_experts...
Cutlass fused_experts time: 1.157 ms (median) [1.156 - 1.158]
Triton  fused_experts time: 1.330 ms (median) [1.328 - 1.333]
