/usr/local/lib/python3.12/dist-packages/torch/cuda/__init__.py:63: FutureWarning: The pynvml package is deprecated. Please install nvidia-ml-py instead. If you did not install pynvml directly, please report this to the maintainers of the package that installed pynvml for you.
  import pynvml  # type: ignore[import]
WARNING:sglang.srt.layers.moe.utils:MOE_RUNNER_BACKEND is not initialized, using triton backend
WARNING:sglang.srt.layers.moe.fused_moe_triton.fused_moe_triton_config:Config file not found at /sgl-workspace/sglang/python/sglang/srt/layers/moe/fused_moe_triton/configs/triton_3_4_0/E=256,N=256,device_name=NVIDIA_H200,dtype=fp8_w8a8,block_shape=[128, 128].json. Fallback to triton version 3.1.0 and use MoE kernel config from /sgl-workspace/sglang/python/sglang/srt/layers/moe/fused_moe_triton/configs/triton_3_1_0/E=256,N=256,device_name=NVIDIA_H200,dtype=fp8_w8a8,block_shape=[128, 128].json. Performance might be sub-optimal!
Running benchmarks with TP size: 8
Testing batch sizes: [512, 1024, 2048, 4096]
Model Config: {'num_experts': 256, 'topk': 8, 'hidden_size': 7168, 'shard_intermediate_size': 512, 'dtype': torch.bfloat16, 'block_shape': [128, 128]}

--- Batch Size: 512 ---
Config: E=256, topk=8, H=7168, I_shard=512, dtype=torch.bfloat16, block_shape=[128, 128]
Warming up...
Benchmarking Cutlass fused_experts...
Benchmarking Triton fused_experts...
Cutlass fused_experts time: 0.430 ms (median) [0.430 - 0.431]
Triton  fused_experts time: 0.382 ms (median) [0.382 - 0.382]

--- Batch Size: 1024 ---
Config: E=256, topk=8, H=7168, I_shard=512, dtype=torch.bfloat16, block_shape=[128, 128]
Warming up...
Benchmarking Cutlass fused_experts...
Benchmarking Triton fused_experts...
Cutlass fused_experts time: 0.518 ms (median) [0.518 - 0.518]
Triton  fused_experts time: 0.510 ms (median) [0.510 - 0.510]

--- Batch Size: 2048 ---
Config: E=256, topk=8, H=7168, I_shard=512, dtype=torch.bfloat16, block_shape=[128, 128]
Warming up...
Benchmarking Cutlass fused_experts...
Benchmarking Triton fused_experts...
Cutlass fused_experts time: 0.749 ms (median) [0.749 - 0.751]
Triton  fused_experts time: 0.788 ms (median) [0.787 - 0.790]

--- Batch Size: 4096 ---
Config: E=256, topk=8, H=7168, I_shard=512, dtype=torch.bfloat16, block_shape=[128, 128]
Warming up...
Benchmarking Cutlass fused_experts...
Benchmarking Triton fused_experts...
Cutlass fused_experts time: 1.177 ms (median) [1.175 - 1.178]
Triton  fused_experts time: 1.328 ms (median) [1.327 - 1.330]
