/data00/qiyuhang/venvs/sgl/lib/python3.12/site-packages/torch/cuda/__init__.py:63: FutureWarning: The pynvml package is deprecated. Please install nvidia-ml-py instead. If you did not install pynvml directly, please report this to the maintainers of the package that installed pynvml for you.
  import pynvml  # type: ignore[import]
WARNING:sglang.srt.layers.moe.utils:MOE_RUNNER_BACKEND is not initialized, using triton backend
All deep_gemm operations loaded successfully!
Running benchmarks with TP size: 8
Testing batch sizes: [512, 1024, 2048, 4096]
Model Config: {'num_experts': 256, 'topk': 8, 'hidden_size': 7168, 'shard_intermediate_size': 512, 'dtype': torch.bfloat16, 'block_shape': [128, 128]}

--- Batch Size: 512 ---
Config: E=256, topk=8, H=7168, I_shard=512, dtype=torch.bfloat16, block_shape=[128, 128]
Warming up...
Benchmarking Cutlass fused_experts...
Cutlass fused_experts time: 1.038 ms (median) [1.038 - 1.038]

--- Batch Size: 1024 ---
Config: E=256, topk=8, H=7168, I_shard=512, dtype=torch.bfloat16, block_shape=[128, 128]
Warming up...
Benchmarking Cutlass fused_experts...
Cutlass fused_experts time: 1.157 ms (median) [1.157 - 1.157]

--- Batch Size: 2048 ---
Config: E=256, topk=8, H=7168, I_shard=512, dtype=torch.bfloat16, block_shape=[128, 128]
Warming up...
Benchmarking Cutlass fused_experts...
Cutlass fused_experts time: 1.709 ms (median) [1.709 - 1.710]

--- Batch Size: 4096 ---
Config: E=256, topk=8, H=7168, I_shard=512, dtype=torch.bfloat16, block_shape=[128, 128]
Warming up...
Benchmarking Cutlass fused_experts...
Cutlass fused_experts time: 2.646 ms (median) [2.646 - 2.647]
